// Jest Snapshot v1, https://goo.gl/fbAQLP

exports[`Landing Page Tests Renders existing round join page 1`] = `
<div>
  You need to enable JavaScript to run this app.
</div>
`;
